// Jest Snapshot v1, https://goo.gl/fbAQLP

exports[`Guide Page matches snapshot 1`] = `
<DocumentFragment>
  <div
    __source="[object Object]"
    class="MuiLinearProgress-root MuiLinearProgress-colorSecondary MuiLinearProgress-indeterminate"
    role="progressbar"
  >
    <div
      class="MuiLinearProgress-bar MuiLinearProgress-barColorSecondary MuiLinearProgress-bar1Indeterminate"
    />
    <div
      class="MuiLinearProgress-bar MuiLinearProgress-bar2Indeterminate MuiLinearProgress-barColorSecondary"
    />
  </div>
  <div
    __source="[object Object]"
    class="container"
    style="padding-bottom: 25px; webkit-transition: opacity 225ms cubic-bezier(0.4, 0, 0.2, 1) 0ms; transition: opacity 225ms cubic-bezier(0.4, 0, 0.2, 1) 0ms;"
  >
    <h2
      __source="[object Object]"
      class="header__title"
      data-testid="headerTitle"
      style="margin-top: 65px;"
    >
      Panduan Baca
    </h2>
    <p
      __source="[object Object]"
      class="header__subtitle"
      data-testid="headerSubtitle"
    >
      Panduan Baca Bulan Ini
    </p>
  </div>
  <div
    __source="[object Object]"
    class="container--fluid"
    style="padding-bottom: 55px;"
  >
    <div
      __source="[object Object]"
      class="MuiPaper-root MuiCard-root guidecard MuiPaper-elevation1 MuiPaper-rounded"
    >
      <div
        __source="[object Object]"
        class="MuiCardContent-root"
        style="padding: 16px 10%; height: 80vh;"
      >
        <div
          __source="[object Object]"
          class="MuiGrid-root MuiGrid-container MuiGrid-spacing-xs-4 MuiGrid-align-items-xs-center"
        >
          <div
            __source="[object Object]"
            class="MuiGrid-root MuiGrid-item MuiGrid-grid-sm-4 MuiGrid-grid-md-4"
          >
            <span
              __source="[object Object]"
              class="MuiSkeleton-root MuiSkeleton-rect MuiSkeleton-wave"
              style="width: 105px; height: 90px; border-radius: 5px;"
            />
          </div>
          <div
            __source="[object Object]"
            class="MuiGrid-root MuiGrid-item MuiGrid-grid-sm-8 MuiGrid-grid-md-8"
          >
            <span
              __source="[object Object]"
              class="MuiSkeleton-root MuiSkeleton-text MuiSkeleton-wave"
              style="width: 150px;"
            />
            <span
              __source="[object Object]"
              class="MuiSkeleton-root MuiSkeleton-text MuiSkeleton-wave"
              style="width: 150px;"
            />
            <span
              __source="[object Object]"
              class="MuiSkeleton-root MuiSkeleton-text MuiSkeleton-wave"
              style="width: 150px;"
            />
          </div>
        </div>
        <div
          __source="[object Object]"
          class="MuiGrid-root MuiGrid-container MuiGrid-spacing-xs-4 MuiGrid-align-items-xs-center"
        >
          <div
            __source="[object Object]"
            class="MuiGrid-root MuiGrid-item MuiGrid-grid-sm-4 MuiGrid-grid-md-4"
          >
            <span
              __source="[object Object]"
              class="MuiSkeleton-root MuiSkeleton-rect MuiSkeleton-wave"
              style="width: 105px; height: 90px; border-radius: 5px;"
            />
          </div>
          <div
            __source="[object Object]"
            class="MuiGrid-root MuiGrid-item MuiGrid-grid-sm-8 MuiGrid-grid-md-8"
          >
            <span
              __source="[object Object]"
              class="MuiSkeleton-root MuiSkeleton-text MuiSkeleton-wave"
              style="width: 150px;"
            />
            <span
              __source="[object Object]"
              class="MuiSkeleton-root MuiSkeleton-text MuiSkeleton-wave"
              style="width: 150px;"
            />
            <span
              __source="[object Object]"
              class="MuiSkeleton-root MuiSkeleton-text MuiSkeleton-wave"
              style="width: 150px;"
            />
          </div>
        </div>
        <div
          __source="[object Object]"
          class="MuiGrid-root MuiGrid-container MuiGrid-spacing-xs-4 MuiGrid-align-items-xs-center"
        >
          <div
            __source="[object Object]"
            class="MuiGrid-root MuiGrid-item MuiGrid-grid-sm-4 MuiGrid-grid-md-4"
          >
            <span
              __source="[object Object]"
              class="MuiSkeleton-root MuiSkeleton-rect MuiSkeleton-wave"
              style="width: 105px; height: 90px; border-radius: 5px;"
            />
          </div>
          <div
            __source="[object Object]"
            class="MuiGrid-root MuiGrid-item MuiGrid-grid-sm-8 MuiGrid-grid-md-8"
          >
            <span
              __source="[object Object]"
              class="MuiSkeleton-root MuiSkeleton-text MuiSkeleton-wave"
              style="width: 150px;"
            />
            <span
              __source="[object Object]"
              class="MuiSkeleton-root MuiSkeleton-text MuiSkeleton-wave"
              style="width: 150px;"
            />
            <span
              __source="[object Object]"
              class="MuiSkeleton-root MuiSkeleton-text MuiSkeleton-wave"
              style="width: 150px;"
            />
          </div>
        </div>
        <div
          __source="[object Object]"
          class="MuiGrid-root MuiGrid-container MuiGrid-spacing-xs-4 MuiGrid-align-items-xs-center"
        >
          <div
            __source="[object Object]"
            class="MuiGrid-root MuiGrid-item MuiGrid-grid-sm-4 MuiGrid-grid-md-4"
          >
            <span
              __source="[object Object]"
              class="MuiSkeleton-root MuiSkeleton-rect MuiSkeleton-wave"
              style="width: 105px; height: 90px; border-radius: 5px;"
            />
          </div>
          <div
            __source="[object Object]"
            class="MuiGrid-root MuiGrid-item MuiGrid-grid-sm-8 MuiGrid-grid-md-8"
          >
            <span
              __source="[object Object]"
              class="MuiSkeleton-root MuiSkeleton-text MuiSkeleton-wave"
              style="width: 150px;"
            />
            <span
              __source="[object Object]"
              class="MuiSkeleton-root MuiSkeleton-text MuiSkeleton-wave"
              style="width: 150px;"
            />
            <span
              __source="[object Object]"
              class="MuiSkeleton-root MuiSkeleton-text MuiSkeleton-wave"
              style="width: 150px;"
            />
          </div>
        </div>
        <div
          __source="[object Object]"
          class="MuiGrid-root MuiGrid-container MuiGrid-spacing-xs-4 MuiGrid-align-items-xs-center"
        >
          <div
            __source="[object Object]"
            class="MuiGrid-root MuiGrid-item MuiGrid-grid-sm-4 MuiGrid-grid-md-4"
          >
            <span
              __source="[object Object]"
              class="MuiSkeleton-root MuiSkeleton-rect MuiSkeleton-wave"
              style="width: 105px; height: 90px; border-radius: 5px;"
            />
          </div>
          <div
            __source="[object Object]"
            class="MuiGrid-root MuiGrid-item MuiGrid-grid-sm-8 MuiGrid-grid-md-8"
          >
            <span
              __source="[object Object]"
              class="MuiSkeleton-root MuiSkeleton-text MuiSkeleton-wave"
              style="width: 150px;"
            />
            <span
              __source="[object Object]"
              class="MuiSkeleton-root MuiSkeleton-text MuiSkeleton-wave"
              style="width: 150px;"
            />
            <span
              __source="[object Object]"
              class="MuiSkeleton-root MuiSkeleton-text MuiSkeleton-wave"
              style="width: 150px;"
            />
          </div>
        </div>
        <div
          __source="[object Object]"
          class="MuiGrid-root MuiGrid-container MuiGrid-spacing-xs-4 MuiGrid-align-items-xs-center"
        >
          <div
            __source="[object Object]"
            class="MuiGrid-root MuiGrid-item MuiGrid-grid-sm-4 MuiGrid-grid-md-4"
          >
            <span
              __source="[object Object]"
              class="MuiSkeleton-root MuiSkeleton-rect MuiSkeleton-wave"
              style="width: 105px; height: 90px; border-radius: 5px;"
            />
          </div>
          <div
            __source="[object Object]"
            class="MuiGrid-root MuiGrid-item MuiGrid-grid-sm-8 MuiGrid-grid-md-8"
          >
            <span
              __source="[object Object]"
              class="MuiSkeleton-root MuiSkeleton-text MuiSkeleton-wave"
              style="width: 150px;"
            />
            <span
              __source="[object Object]"
              class="MuiSkeleton-root MuiSkeleton-text MuiSkeleton-wave"
              style="width: 150px;"
            />
            <span
              __source="[object Object]"
              class="MuiSkeleton-root MuiSkeleton-text MuiSkeleton-wave"
              style="width: 150px;"
            />
          </div>
        </div>
      </div>
    </div>
  </div>
</DocumentFragment>
`;
