// Jest Snapshot v1, https://goo.gl/fbAQLP

exports[`Persembahan Page matches snapshot 1`] = `
<DocumentFragment>
  <div
    __source="[object Object]"
    class="container"
    style="padding-bottom: 30px;"
  >
    <h2
      __source="[object Object]"
      class="header__title--persembahan"
      data-testid="headerTitle"
    >
      Persembahan & Perpuluhan
    </h2>
    <p
      __source="[object Object]"
      class="header__subtitle"
      data-testid="headerSubtitle"
    >
      Gereja Kristen Kemah Daud - Yogyakarta
    </p>
  </div>
  <div
    __source="[object Object]"
    class="container--fluid"
  >
    <div
      __source="[object Object]"
      class="MuiPaper-root MuiCard-root guidecard MuiPaper-elevation1 MuiPaper-rounded"
    >
      <div
        __source="[object Object]"
        class="MuiCardContent-root persembahan"
        style="padding: 16px 10%;"
      >
        <p
          __source="[object Object]"
          class="persembahan__text"
          data-testid="persembahanBrief"
        >
          Dukungan untuk pekerjaan pelayanan Gereja Kristen Kemah Daud Yogyakarta dapat dilakukan melalui scan QRIS dibawah ini :
        </p>
        <img
          __source="[object Object]"
          alt="qris"
          src="/images/qris.jpeg"
          style="width: 100%;"
        />
        <p
          __source="[object Object]"
          class="persembahan__text"
          data-testid="persembahanInfo"
          style="font-size: 13px;"
        >
          Melalui aplikasi m-Banking / Digital Payment seperti :
        </p>
        <div
          __source="[object Object]"
          class="persembahan__block"
          data-testid="persembahanInfo_Wallet"
        >
          <b
            __source="[object Object]"
          >
            <i
              __source="[object Object]"
            >
              Gopay, OVO, DANA & LinkAja
            </i>
          </b>
        </div>
        <p
          __source="[object Object]"
          class="persembahan__text"
          data-testid="persembahanInfo_Admin"
          style="font-size: 13px; text-align: center;"
        >
          (Bebas biaya administrasi untuk semua platform pembayaran)
        </p>
        <hr
          __source="[object Object]"
        />
        <p
          __source="[object Object]"
          class="persembahan__text"
          data-testid="persembahanInfo_Bank"
        >
          Atau dapat juga dilakukan melalui transfer pada rekening bank dibawah ini :
        </p>
        <h1
          __source="[object Object]"
          class="persembahan__text--bank"
          data-testid="persembahanInfo_CIMB"
        >
          CIMB Niaga
        </h1>
        <button
          __source="[object Object]"
          class="MuiButtonBase-root MuiButton-root MuiButton-outlined persembahan__button"
          data-testid="persembahanInfo_CIMB_btn"
          tabindex="0"
          type="button"
        >
          <span
            class="MuiButton-label"
          >
            8000-7752-1000
          </span>
          <span
            class="MuiTouchRipple-root"
          />
        </button>
        <p
          __source="[object Object]"
          class="persembahan__text"
          data-testid="persembahanInfo_CIMB_name"
        >
          a/n Gereja Kristen Kemah Daud (Klik Untuk Salin)
        </p>
        <h1
          __source="[object Object]"
          class="bold-text"
          data-testid="persembahanInfo_BCA"
          style="margin: 10px 0px;"
        >
          BCA
        </h1>
        <button
          __source="[object Object]"
          class="MuiButtonBase-root MuiButton-root MuiButton-outlined persembahan__button"
          data-testid="persembahanInfo_BCA_btn"
          tabindex="0"
          type="button"
        >
          <span
            class="MuiButton-label"
          >
            0600-311-611
          </span>
          <span
            class="MuiTouchRipple-root"
          />
        </button>
        <p
          __source="[object Object]"
          class="persembahan__text"
          data-testid="persembahanInfo_BCA_name"
        >
          a/n Yay Pelita Bangsa (Klik Untuk Salin)
        </p>
      </div>
    </div>
  </div>
</DocumentFragment>
`;
